Traceback (most recent call last):
  File "C:\Users\TUF\Desktop\Hospital-booking\backend\manage.py", line 22, in <module>
    main()
  File "C:\Users\TUF\Desktop\Hospital-booking\backend\manage.py", line 18, in main
    execute_from_command_line(sys.argv)
  File "C:\Users\TUF\Desktop\Hospital-booking\backend\venv\Lib\site-packages\django\core\management\__init__.py", line 443, in execute_from_command_line
    utility.execute()
  File "C:\Users\TUF\Desktop\Hospital-booking\backend\venv\Lib\site-packages\django\core\management\__init__.py", line 437, in execute
    self.fetch_command(subcommand).run_from_argv(self.argv)
  File "C:\Users\TUF\Desktop\Hospital-booking\backend\venv\Lib\site-packages\django\core\management\base.py", line 420, in run_from_argv
    self.execute(*args, **cmd_options)
  File "C:\Users\TUF\Desktop\Hospital-booking\backend\venv\Lib\site-packages\django\core\management\base.py", line 464, in execute
    output = self.handle(*args, **options)
             ^^^^^^^^^^^^^^^^^^^^^^^^^^^^^
  File "C:\Users\TUF\Desktop\Hospital-booking\backend\venv\Lib\site-packages\django\core\management\commands\check.py", line 81, in handle
    self.check(
  File "C:\Users\TUF\Desktop\Hospital-booking\backend\venv\Lib\site-packages\django\core\management\base.py", line 496, in check
    all_issues = checks.run_checks(
                 ^^^^^^^^^^^^^^^^^^
  File "C:\Users\TUF\Desktop\Hospital-booking\backend\venv\Lib\site-packages\django\core\checks\registry.py", line 89, in run_checks
    new_errors = check(app_configs=app_configs, databases=databases)
                 ^^^^^^^^^^^^^^^^^^^^^^^^^^^^^^^^^^^^^^^^^^^^^^^^^^^
  File "C:\Users\TUF\Desktop\Hospital-booking\backend\venv\Lib\site-packages\django\core\checks\urls.py", line 44, in check_url_namespaces_unique
    all_namespaces = _load_all_namespaces(resolver)
                     ^^^^^^^^^^^^^^^^^^^^^^^^^^^^^^
  File "C:\Users\TUF\Desktop\Hospital-booking\backend\venv\Lib\site-packages\django\core\checks\urls.py", line 63, in _load_all_namespaces
    url_patterns = getattr(resolver, "url_patterns", [])
                   ^^^^^^^^^^^^^^^^^^^^^^^^^^^^^^^^^^^^^
  File "C:\Users\TUF\Desktop\Hospital-booking\backend\venv\Lib\site-packages\django\utils\functional.py", line 47, in __get__
    res = instance.__dict__[self.name] = self.func(instance)
                                         ^^^^^^^^^^^^^^^^^^^
  File "C:\Users\TUF\Desktop\Hospital-booking\backend\venv\Lib\site-packages\django\urls\resolvers.py", line 729, in url_patterns
    patterns = getattr(self.urlconf_module, "urlpatterns", self.urlconf_module)
                       ^^^^^^^^^^^^^^^^^^^
  File "C:\Users\TUF\Desktop\Hospital-booking\backend\venv\Lib\site-packages\django\utils\functional.py", line 47, in __get__
    res = instance.__dict__[self.name] = self.func(instance)
                                         ^^^^^^^^^^^^^^^^^^^
  File "C:\Users\TUF\Desktop\Hospital-booking\backend\venv\Lib\site-packages\django\urls\resolvers.py", line 722, in urlconf_module
    return import_module(self.urlconf_name)
           ^^^^^^^^^^^^^^^^^^^^^^^^^^^^^^^^
  File "C:\Python312\Lib\importlib\__init__.py", line 90, in import_module
    return _bootstrap._gcd_import(name[level:], package, level)
           ^^^^^^^^^^^^^^^^^^^^^^^^^^^^^^^^^^^^^^^^^^^^^^^^^^^^
  File "<frozen importlib._bootstrap>", line 1387, in _gcd_import
  File "<frozen importlib._bootstrap>", line 1360, in _find_and_load
  File "<frozen importlib._bootstrap>", line 1331, in _find_and_load_unlocked
  File "<frozen importlib._bootstrap>", line 935, in _load_unlocked
  File "<frozen importlib._bootstrap_external>", line 995, in exec_module
  File "<frozen importlib._bootstrap>", line 488, in _call_with_frames_removed
  File "C:\Users\TUF\Desktop\Hospital-booking\backend\hospital_booking\urls.py", line 6, in <module>
    path('api/', include('api.urls')),
                 ^^^^^^^^^^^^^^^^^^^
  File "C:\Users\TUF\Desktop\Hospital-booking\backend\venv\Lib\site-packages\django\urls\conf.py", line 39, in include
    urlconf_module = import_module(urlconf_module)
                     ^^^^^^^^^^^^^^^^^^^^^^^^^^^^^
  File "C:\Python312\Lib\importlib\__init__.py", line 90, in import_module
    return _bootstrap._gcd_import(name[level:], package, level)
           ^^^^^^^^^^^^^^^^^^^^^^^^^^^^^^^^^^^^^^^^^^^^^^^^^^^^
  File "<frozen importlib._bootstrap>", line 1387, in _gcd_import
  File "<frozen importlib._bootstrap>", line 1360, in _find_and_load
  File "<frozen importlib._bootstrap>", line 1331, in _find_and_load_unlocked
  File "<frozen importlib._bootstrap>", line 935, in _load_unlocked
  File "<frozen importlib._bootstrap_external>", line 995, in exec_module
  File "<frozen importlib._bootstrap>", line 488, in _call_with_frames_removed
  File "C:\Users\TUF\Desktop\Hospital-booking\backend\api\urls.py", line 3, in <module>
    from . import views
  File "C:\Users\TUF\Desktop\Hospital-booking\backend\api\views.py", line 28, in <module>
    @permission_classes([IsAdminUser])
                         ^^^^^^^^^^^
NameError: name 'IsAdminUser' is not defined
